[02:00:19] [main/INFO] [LaunchWrapper]: Loading tweak class name net.minecraftforge.fml.common.launcher.FMLTweaker
[02:00:19] [main/INFO] [LaunchWrapper]: Using primary tweak class name net.minecraftforge.fml.common.launcher.FMLTweaker
[02:00:19] [main/INFO] [LaunchWrapper]: Calling tweak class net.minecraftforge.fml.common.launcher.FMLTweaker
[02:00:19] [main/DEBUG] [FML]: Injecting tracing printstreams for STDOUT/STDERR.
[02:00:19] [main/INFO] [FML]: Forge Mod Loader version 14.23.5.2859 for Minecraft 1.12.2 loading
[02:00:19] [main/INFO] [FML]: Java is Java HotSpot(TM) 64-Bit Server VM, version 1.8.0_451, running on Windows 11:amd64:10.0, installed at C:\Program Files\Java\jdk-1.8\jre
[02:00:19] [main/DEBUG] [FML]: Java classpath at launch is:
[02:00:19] [main/DEBUG] [FML]:     F:\minecraft\client\dev-client\classpath.jar
[02:00:19] [main/DEBUG] [FML]: Java library path at launch is:
[02:00:19] [main/DEBUG] [FML]:     F:\minecraft\client\dev-client\.minecraft\versions\1.12.2-Forge_14.23.5.2859\1.12.2-Forge_14.23.5.2859-natives
[02:00:19] [main/DEBUG] [FML]: Determined Minecraft Libraries Root: F:\minecraft\client\dev-client\.minecraft\libraries
[02:00:19] [main/DEBUG] [FML]: Cleaning up mods folder: F:\minecraft\client\dev-client\.minecraft\versions\1.12.2-Forge_14.23.5.2859\mods
[02:00:20] [main/DEBUG] [FML]: Examining file: BlackBoxPro-forge-1.12.2-1.3.1.jar
[02:00:20] [main/DEBUG] [FML]: Enabling runtime deobfuscation
[02:00:20] [main/DEBUG] [FML]: Instantiating coremod class FMLCorePlugin
[02:00:20] [main/DEBUG] [FML]: Found signing certificates for coremod FMLCorePlugin (net.minecraftforge.fml.relauncher.FMLCorePlugin)
[02:00:20] [main/DEBUG] [FML]: Found certificate e3c3d50c7c986df74c645c0ac54639741c90a557
[02:00:20] [main/DEBUG] [FML]: Added access transformer class net.minecraftforge.fml.common.asm.transformers.AccessTransformer to enqueued access transformers
[02:00:20] [main/DEBUG] [FML]: Enqueued coremod FMLCorePlugin
[02:00:20] [main/DEBUG] [FML]: Instantiating coremod class FMLForgePlugin
[02:00:20] [main/DEBUG] [FML]: Found signing certificates for coremod FMLForgePlugin (net.minecraftforge.classloading.FMLForgePlugin)
[02:00:20] [main/DEBUG] [FML]: Found certificate e3c3d50c7c986df74c645c0ac54639741c90a557
[02:00:20] [main/DEBUG] [FML]: Enqueued coremod FMLForgePlugin
[02:00:20] [main/DEBUG] [FML]: All fundamental core mods are successfully located
[02:00:20] [main/DEBUG] [FML]: Discovering coremods
[02:00:20] [main/INFO] [FML]: Searching F:\minecraft\client\dev-client\.minecraft\versions\1.12.2-Forge_14.23.5.2859\mods for mods
[02:00:20] [main/DEBUG] [FML]:   Adding BlackBoxPro-forge-1.12.2-1.3.1.jar to the mod list
[02:00:20] [main/DEBUG] [FML]: Examining for coremod candidacy BlackBoxPro-forge-1.12.2-1.3.1.jar
[02:00:20] [main/DEBUG] [FML]: Not found coremod data in BlackBoxPro-forge-1.12.2-1.3.1.jar
[02:00:20] [main/INFO] [LaunchWrapper]: Loading tweak class name net.minecraftforge.fml.common.launcher.FMLInjectionAndSortingTweaker
[02:00:20] [main/INFO] [LaunchWrapper]: Loading tweak class name net.minecraftforge.fml.common.launcher.FMLDeobfTweaker
[02:00:20] [main/INFO] [LaunchWrapper]: Calling tweak class net.minecraftforge.fml.common.launcher.FMLInjectionAndSortingTweaker
[02:00:20] [main/INFO] [LaunchWrapper]: Calling tweak class net.minecraftforge.fml.common.launcher.FMLInjectionAndSortingTweaker
[02:00:20] [main/INFO] [LaunchWrapper]: Calling tweak class net.minecraftforge.fml.relauncher.CoreModManager$FMLPluginWrapper
[02:00:20] [main/DEBUG] [FML]: Injecting coremod FMLCorePlugin \{net.minecraftforge.fml.relauncher.FMLCorePlugin\} class transformers
[02:00:20] [main/TRACE] [FML]: Registering transformer net.minecraftforge.fml.common.asm.transformers.SideTransformer
[02:00:20] [main/TRACE] [FML]: Registering transformer net.minecraftforge.fml.common.asm.transformers.EventSubscriptionTransformer
[02:00:20] [main/TRACE] [FML]: Registering transformer net.minecraftforge.fml.common.asm.transformers.EventSubscriberTransformer
[02:00:20] [main/TRACE] [FML]: Registering transformer net.minecraftforge.fml.common.asm.transformers.SoundEngineFixTransformer
[02:00:20] [main/DEBUG] [FML]: Injection complete
[02:00:20] [main/DEBUG] [FML]: Running coremod plugin for FMLCorePlugin \{net.minecraftforge.fml.relauncher.FMLCorePlugin\}
[02:00:20] [main/DEBUG] [FML]: Running coremod plugin FMLCorePlugin
[02:00:20] [main/DEBUG] [FML]: Read 1154 binary patches
[02:00:20] [main/DEBUG] [FML]: Loading deobfuscation resource /deobfuscation_data-1.12.2.lzma with 36076 records
[02:00:20] [main/INFO] [FML]: Found valid fingerprint for Minecraft Forge. Certificate fingerprint e3c3d50c7c986df74c645c0ac54639741c90a557
[02:00:20] [main/INFO] [FML]: Found valid fingerprint for Minecraft. Certificate fingerprint cd99959656f753dc28d863b46769f7f8fbaefcfc
[02:00:20] [main/DEBUG] [FML]: Coremod plugin class FMLCorePlugin run successfully
[02:00:20] [main/INFO] [LaunchWrapper]: Calling tweak class net.minecraftforge.fml.relauncher.CoreModManager$FMLPluginWrapper
[02:00:20] [main/DEBUG] [FML]: Injecting coremod FMLForgePlugin \{net.minecraftforge.classloading.FMLForgePlugin\} class transformers
[02:00:20] [main/DEBUG] [FML]: Injection complete
[02:00:20] [main/DEBUG] [FML]: Running coremod plugin for FMLForgePlugin \{net.minecraftforge.classloading.FMLForgePlugin\}
[02:00:20] [main/DEBUG] [FML]: Running coremod plugin FMLForgePlugin
[02:00:20] [main/DEBUG] [FML]: Coremod plugin class FMLForgePlugin run successfully
[02:00:20] [main/INFO] [LaunchWrapper]: Calling tweak class net.minecraftforge.fml.common.launcher.FMLDeobfTweaker
[02:00:20] [main/DEBUG] [FML]: Loaded 215 rules from AccessTransformer config file forge_at.cfg
[02:00:20] [main/DEBUG] [FML]: Validating minecraft
[02:00:21] [main/DEBUG] [FML]: Minecraft validated, launching...
[02:00:21] [main/INFO] [LaunchWrapper]: Loading tweak class name net.minecraftforge.fml.common.launcher.TerminalTweaker
[02:00:21] [main/INFO] [LaunchWrapper]: Calling tweak class net.minecraftforge.fml.common.launcher.TerminalTweaker
[02:00:21] [main/INFO] [LaunchWrapper]: Launching wrapped minecraft {net.minecraft.client.main.Main}
[02:00:21] [Client thread/INFO] [net.minecraft.client.Minecraft]: Setting user: BlackBoxTester
